
2024/09/26 (15:17:36) | ===> btop++ v.1.4.0
2024/09/26 (15:17:36) | WARNING: NVML: Failed to get maximum GPU power draw, defaulting to 225W: Not Supported

2024/09/27 (00:40:15) | ===> btop++ v.1.4.0
2024/09/27 (00:40:15) | WARNING: NVML: Failed to get maximum GPU power draw, defaulting to 225W: Not Supported

2024/09/27 (01:08:41) | ===> btop++ v.1.4.0
2024/09/27 (01:08:41) | WARNING: NVML: Failed to get maximum GPU power draw, defaulting to 225W: Not Supported

2024/09/27 (01:26:32) | ===> btop++ v.1.4.0
2024/09/27 (01:26:32) | WARNING: NVML: Failed to get maximum GPU power draw, defaulting to 225W: Not Supported

2024/10/02 (10:44:18) | ===> btop++ v.1.4.0
2024/10/02 (10:44:18) | WARNING: NVML: Failed to get maximum GPU power draw, defaulting to 225W: Not Supported

2024/10/02 (13:05:17) | ===> btop++ v.1.4.0
2024/10/02 (13:05:17) | WARNING: NVML: Failed to get maximum GPU power draw, defaulting to 225W: Not Supported

2024/10/04 (17:20:39) | ===> btop++ v.1.4.0
2024/10/04 (17:20:39) | WARNING: NVML: Failed to get maximum GPU power draw, defaulting to 225W: Not Supported

2024/10/04 (19:15:45) | ===> btop++ v.1.4.0
2024/10/04 (19:15:45) | WARNING: NVML: Failed to get maximum GPU power draw, defaulting to 225W: Not Supported

2024/10/04 (19:15:58) | ===> btop++ v.1.4.0
2024/10/04 (19:15:58) | WARNING: NVML: Failed to get maximum GPU power draw, defaulting to 225W: Not Supported

2024/10/04 (22:50:49) | ===> btop++ v.1.4.0
2024/10/04 (22:50:49) | WARNING: NVML: Failed to get maximum GPU power draw, defaulting to 225W: Not Supported

2024/10/05 (15:14:41) | ===> btop++ v.1.4.0
2024/10/05 (15:14:41) | WARNING: NVML: Failed to get maximum GPU power draw, defaulting to 225W: Not Supported

2024/10/05 (16:08:57) | ===> btop++ v.1.4.0
2024/10/05 (16:08:57) | WARNING: NVML: Failed to get maximum GPU power draw, defaulting to 225W: Not Supported

2024/10/05 (16:56:07) | ===> btop++ v.1.4.0
2024/10/05 (16:56:07) | WARNING: NVML: Failed to get maximum GPU power draw, defaulting to 225W: Not Supported
2024/10/05 (17:11:49) | ERROR: Couldn't determine terminal size of "STDOUT_FILENO"!
2024/10/05 (17:11:49) | ERROR: Couldn't determine terminal size of "/dev/tty"!

2024/10/05 (17:12:40) | ===> btop++ v.1.4.0
2024/10/05 (17:12:40) | WARNING: NVML: Failed to get maximum GPU power draw, defaulting to 225W: Not Supported

2024/10/05 (17:22:08) | ===> btop++ v.1.4.0
2024/10/05 (17:22:08) | WARNING: NVML: Failed to get maximum GPU power draw, defaulting to 225W: Not Supported

2024/10/06 (22:28:20) | ===> btop++ v.1.4.0
2024/10/06 (22:28:20) | WARNING: NVML: Failed to get maximum GPU power draw, defaulting to 225W: Not Supported

2024/10/06 (23:10:36) | ===> btop++ v.1.4.0
2024/10/06 (23:10:36) | WARNING: NVML: Failed to get maximum GPU power draw, defaulting to 225W: Not Supported

2024/10/06 (23:11:43) | ===> btop++ v.1.4.0
2024/10/06 (23:11:43) | WARNING: NVML: Failed to get maximum GPU power draw, defaulting to 225W: Not Supported

2024/10/07 (15:43:47) | ===> btop++ v.1.4.0
2024/10/07 (15:43:47) | WARNING: NVML: Failed to get maximum GPU power draw, defaulting to 225W: Not Supported

2024/10/07 (23:19:56) | ===> btop++ v.1.4.0
2024/10/07 (23:19:56) | WARNING: NVML: Failed to get maximum GPU power draw, defaulting to 225W: Not Supported

2024/10/09 (11:42:49) | ===> btop++ v.1.4.0
2024/10/09 (11:42:49) | WARNING: NVML: Failed to get maximum GPU power draw, defaulting to 225W: Not Supported

2024/10/09 (14:03:13) | ===> btop++ v.1.4.0
2024/10/09 (14:03:13) | WARNING: NVML: Failed to get maximum GPU power draw, defaulting to 225W: Not Supported

2024/10/10 (00:00:57) | ===> btop++ v.1.4.0
2024/10/10 (00:00:57) | WARNING: NVML: Failed to get maximum GPU power draw, defaulting to 225W: Not Supported

2024/10/10 (00:05:32) | ===> btop++ v.1.4.0
2024/10/10 (00:05:32) | WARNING: NVML: Failed to get maximum GPU power draw, defaulting to 225W: Not Supported

2024/10/10 (00:09:07) | ===> btop++ v.1.4.0
2024/10/10 (00:09:07) | WARNING: NVML: Failed to get maximum GPU power draw, defaulting to 225W: Not Supported

2024/10/10 (00:09:59) | ===> btop++ v.1.4.0
2024/10/10 (00:09:59) | WARNING: NVML: Failed to get maximum GPU power draw, defaulting to 225W: Not Supported

2024/10/10 (00:11:21) | ===> btop++ v.1.4.0
2024/10/10 (00:11:21) | WARNING: NVML: Failed to get maximum GPU power draw, defaulting to 225W: Not Supported

2024/10/10 (00:11:29) | ===> btop++ v.1.4.0
2024/10/10 (00:11:29) | WARNING: NVML: Failed to get maximum GPU power draw, defaulting to 225W: Not Supported

2024/10/10 (00:11:43) | ===> btop++ v.1.4.0
2024/10/10 (00:11:43) | WARNING: NVML: Failed to get maximum GPU power draw, defaulting to 225W: Not Supported

2024/10/10 (00:12:06) | ===> btop++ v.1.4.0
2024/10/10 (00:12:06) | WARNING: NVML: Failed to get maximum GPU power draw, defaulting to 225W: Not Supported

2024/10/10 (00:12:13) | ===> btop++ v.1.4.0
2024/10/10 (00:12:13) | WARNING: NVML: Failed to get maximum GPU power draw, defaulting to 225W: Not Supported

2024/10/10 (00:12:34) | ===> btop++ v.1.4.0
2024/10/10 (00:12:34) | WARNING: NVML: Failed to get maximum GPU power draw, defaulting to 225W: Not Supported

2024/10/10 (00:13:13) | ===> btop++ v.1.4.0
2024/10/10 (00:13:13) | WARNING: NVML: Failed to get maximum GPU power draw, defaulting to 225W: Not Supported

2024/10/10 (00:13:55) | ===> btop++ v.1.4.0
2024/10/10 (00:13:55) | WARNING: NVML: Failed to get maximum GPU power draw, defaulting to 225W: Not Supported

2024/10/10 (00:18:27) | ===> btop++ v.1.4.0
2024/10/10 (00:18:27) | WARNING: NVML: Failed to get maximum GPU power draw, defaulting to 225W: Not Supported

2024/10/10 (00:18:35) | ===> btop++ v.1.4.0
2024/10/10 (00:18:35) | WARNING: NVML: Failed to get maximum GPU power draw, defaulting to 225W: Not Supported

2024/10/10 (00:47:46) | ===> btop++ v.1.4.0
2024/10/10 (00:47:46) | WARNING: NVML: Failed to get maximum GPU power draw, defaulting to 225W: Not Supported

2024/10/10 (01:07:51) | ===> btop++ v.1.4.0
2024/10/10 (01:07:51) | WARNING: NVML: Failed to get maximum GPU power draw, defaulting to 225W: Not Supported

2024/10/10 (01:08:43) | ===> btop++ v.1.4.0
2024/10/10 (01:08:43) | WARNING: NVML: Failed to get maximum GPU power draw, defaulting to 225W: Not Supported

2024/10/10 (01:12:56) | ===> btop++ v.1.4.0
2024/10/10 (01:12:56) | WARNING: NVML: Failed to get maximum GPU power draw, defaulting to 225W: Not Supported

2024/10/10 (01:13:09) | ===> btop++ v.1.4.0
2024/10/10 (01:13:09) | WARNING: NVML: Failed to get maximum GPU power draw, defaulting to 225W: Not Supported

2024/10/10 (01:13:32) | ===> btop++ v.1.4.0
2024/10/10 (01:13:32) | WARNING: NVML: Failed to get maximum GPU power draw, defaulting to 225W: Not Supported

2024/10/10 (01:15:33) | ===> btop++ v.1.4.0
2024/10/10 (01:15:33) | WARNING: NVML: Failed to get maximum GPU power draw, defaulting to 225W: Not Supported

2024/10/10 (01:15:47) | ===> btop++ v.1.4.0
2024/10/10 (01:15:47) | WARNING: NVML: Failed to get maximum GPU power draw, defaulting to 225W: Not Supported

2024/10/10 (01:16:41) | ===> btop++ v.1.4.0
2024/10/10 (01:16:41) | WARNING: NVML: Failed to get maximum GPU power draw, defaulting to 225W: Not Supported

2024/10/10 (01:16:46) | ===> btop++ v.1.4.0
2024/10/10 (01:16:46) | WARNING: NVML: Failed to get maximum GPU power draw, defaulting to 225W: Not Supported

2024/10/10 (01:19:45) | ===> btop++ v.1.4.0
2024/10/10 (01:19:45) | WARNING: NVML: Failed to get maximum GPU power draw, defaulting to 225W: Not Supported

2024/10/10 (01:23:16) | ===> btop++ v.1.4.0
2024/10/10 (01:23:16) | WARNING: NVML: Failed to get maximum GPU power draw, defaulting to 225W: Not Supported

2024/10/10 (01:26:05) | ===> btop++ v.1.4.0
2024/10/10 (01:26:05) | ERROR: No tty detected!
btop++ needs an interactive shell to run.

2024/10/10 (01:26:31) | ===> btop++ v.1.4.0
2024/10/10 (01:26:31) | ERROR: No tty detected!
btop++ needs an interactive shell to run.

2024/10/10 (01:26:34) | ===> btop++ v.1.4.0
2024/10/10 (01:26:34) | ERROR: No tty detected!
btop++ needs an interactive shell to run.

2024/10/10 (01:29:47) | ===> btop++ v.1.4.0
2024/10/10 (01:29:47) | WARNING: NVML: Failed to get maximum GPU power draw, defaulting to 225W: Not Supported

2024/10/10 (01:29:59) | ===> btop++ v.1.4.0
2024/10/10 (01:29:59) | WARNING: NVML: Failed to get maximum GPU power draw, defaulting to 225W: Not Supported

2024/10/10 (01:32:20) | ===> btop++ v.1.4.0
2024/10/10 (01:32:20) | WARNING: NVML: Failed to get maximum GPU power draw, defaulting to 225W: Not Supported

2024/10/10 (01:32:30) | ===> btop++ v.1.4.0
2024/10/10 (01:32:30) | WARNING: NVML: Failed to get maximum GPU power draw, defaulting to 225W: Not Supported

2024/10/10 (01:32:47) | ===> btop++ v.1.4.0
2024/10/10 (01:32:47) | WARNING: NVML: Failed to get maximum GPU power draw, defaulting to 225W: Not Supported

2024/10/10 (01:32:54) | ===> btop++ v.1.4.0
2024/10/10 (01:32:54) | WARNING: NVML: Failed to get maximum GPU power draw, defaulting to 225W: Not Supported

2024/10/10 (01:37:51) | ===> btop++ v.1.4.0
2024/10/10 (01:37:51) | WARNING: NVML: Failed to get maximum GPU power draw, defaulting to 225W: Not Supported

2024/10/10 (01:39:07) | ===> btop++ v.1.4.0
2024/10/10 (01:39:07) | WARNING: NVML: Failed to get maximum GPU power draw, defaulting to 225W: Not Supported

2024/10/10 (01:39:17) | ===> btop++ v.1.4.0
2024/10/10 (01:39:17) | WARNING: NVML: Failed to get maximum GPU power draw, defaulting to 225W: Not Supported

2024/10/10 (01:39:51) | ===> btop++ v.1.4.0
2024/10/10 (01:39:51) | WARNING: NVML: Failed to get maximum GPU power draw, defaulting to 225W: Not Supported

2024/10/10 (01:40:08) | ===> btop++ v.1.4.0
2024/10/10 (01:40:08) | WARNING: NVML: Failed to get maximum GPU power draw, defaulting to 225W: Not Supported

2024/10/10 (01:40:33) | ===> btop++ v.1.4.0
2024/10/10 (01:40:33) | WARNING: NVML: Failed to get maximum GPU power draw, defaulting to 225W: Not Supported

2024/10/10 (01:42:18) | ===> btop++ v.1.4.0
2024/10/10 (01:42:18) | WARNING: NVML: Failed to get maximum GPU power draw, defaulting to 225W: Not Supported

2024/10/10 (01:42:50) | ===> btop++ v.1.4.0
2024/10/10 (01:42:50) | WARNING: NVML: Failed to get maximum GPU power draw, defaulting to 225W: Not Supported

2024/10/10 (01:43:56) | ===> btop++ v.1.4.0
2024/10/10 (01:43:56) | WARNING: NVML: Failed to get maximum GPU power draw, defaulting to 225W: Not Supported

2024/10/10 (01:44:06) | ===> btop++ v.1.4.0
2024/10/10 (01:44:06) | WARNING: NVML: Failed to get maximum GPU power draw, defaulting to 225W: Not Supported

2024/10/10 (01:44:56) | ===> btop++ v.1.4.0
2024/10/10 (01:44:56) | WARNING: NVML: Failed to get maximum GPU power draw, defaulting to 225W: Not Supported

2024/10/10 (01:45:19) | ===> btop++ v.1.4.0
2024/10/10 (01:45:19) | WARNING: NVML: Failed to get maximum GPU power draw, defaulting to 225W: Not Supported

2024/10/10 (01:45:33) | ===> btop++ v.1.4.0
2024/10/10 (01:45:33) | WARNING: NVML: Failed to get maximum GPU power draw, defaulting to 225W: Not Supported

2024/10/10 (01:45:42) | ===> btop++ v.1.4.0
2024/10/10 (01:45:42) | WARNING: NVML: Failed to get maximum GPU power draw, defaulting to 225W: Not Supported

2024/10/10 (01:46:11) | ===> btop++ v.1.4.0
2024/10/10 (01:46:11) | WARNING: NVML: Failed to get maximum GPU power draw, defaulting to 225W: Not Supported

2024/10/10 (01:46:19) | ===> btop++ v.1.4.0
2024/10/10 (01:46:19) | WARNING: NVML: Failed to get maximum GPU power draw, defaulting to 225W: Not Supported

2024/10/10 (01:47:41) | ===> btop++ v.1.4.0
2024/10/10 (01:47:41) | WARNING: NVML: Failed to get maximum GPU power draw, defaulting to 225W: Not Supported

2024/10/10 (01:47:53) | ===> btop++ v.1.4.0
2024/10/10 (01:47:53) | WARNING: NVML: Failed to get maximum GPU power draw, defaulting to 225W: Not Supported

2024/10/10 (01:48:06) | ===> btop++ v.1.4.0
2024/10/10 (01:48:06) | WARNING: NVML: Failed to get maximum GPU power draw, defaulting to 225W: Not Supported

2024/10/10 (01:48:17) | ===> btop++ v.1.4.0
2024/10/10 (01:48:17) | WARNING: NVML: Failed to get maximum GPU power draw, defaulting to 225W: Not Supported

2024/10/10 (01:48:32) | ===> btop++ v.1.4.0
2024/10/10 (01:48:32) | WARNING: NVML: Failed to get maximum GPU power draw, defaulting to 225W: Not Supported

2024/10/10 (01:48:38) | ===> btop++ v.1.4.0
2024/10/10 (01:48:38) | WARNING: NVML: Failed to get maximum GPU power draw, defaulting to 225W: Not Supported

2024/10/10 (01:48:47) | ===> btop++ v.1.4.0
2024/10/10 (01:48:47) | WARNING: NVML: Failed to get maximum GPU power draw, defaulting to 225W: Not Supported

2024/10/10 (01:50:07) | ===> btop++ v.1.4.0
2024/10/10 (01:50:07) | WARNING: NVML: Failed to get maximum GPU power draw, defaulting to 225W: Not Supported

2024/10/10 (01:50:39) | ===> btop++ v.1.4.0
2024/10/10 (01:50:39) | WARNING: NVML: Failed to get maximum GPU power draw, defaulting to 225W: Not Supported

2024/10/10 (01:50:51) | ===> btop++ v.1.4.0
2024/10/10 (01:50:51) | WARNING: NVML: Failed to get maximum GPU power draw, defaulting to 225W: Not Supported

2024/10/10 (01:50:59) | ===> btop++ v.1.4.0
2024/10/10 (01:50:59) | WARNING: NVML: Failed to get maximum GPU power draw, defaulting to 225W: Not Supported

2024/10/10 (01:51:15) | ===> btop++ v.1.4.0
2024/10/10 (01:51:15) | WARNING: NVML: Failed to get maximum GPU power draw, defaulting to 225W: Not Supported

2024/10/10 (17:30:00) | ===> btop++ v.1.4.0
2024/10/10 (17:30:00) | WARNING: NVML: Failed to get maximum GPU power draw, defaulting to 225W: Not Supported

2024/10/10 (17:40:51) | ===> btop++ v.1.4.0
2024/10/10 (17:40:51) | WARNING: NVML: Failed to get maximum GPU power draw, defaulting to 225W: Not Supported

2024/10/12 (00:42:51) | ===> btop++ v.1.4.0
2024/10/12 (00:42:51) | WARNING: NVML: Failed to get maximum GPU power draw, defaulting to 225W: Not Supported

2024/10/12 (00:46:36) | ===> btop++ v.1.4.0
2024/10/12 (00:46:36) | WARNING: NVML: Failed to get maximum GPU power draw, defaulting to 225W: Not Supported

2024/10/12 (00:53:04) | ===> btop++ v.1.4.0
2024/10/12 (00:53:04) | WARNING: NVML: Failed to get maximum GPU power draw, defaulting to 225W: Not Supported

2024/10/12 (00:55:46) | ===> btop++ v.1.4.0
2024/10/12 (00:55:46) | WARNING: NVML: Failed to get maximum GPU power draw, defaulting to 225W: Not Supported

2024/10/12 (00:56:51) | ===> btop++ v.1.4.0
2024/10/12 (00:56:51) | WARNING: NVML: Failed to get maximum GPU power draw, defaulting to 225W: Not Supported
